#options: 1280x720 fps=30/1 timebase=1/30 bitdepth=8 cabac=1 ref=1 deblock=1:0:0 analyse=0x1:0 me=dia subme=2 psy=1 psy_rd=1.00:0.00 mixed_ref=0 me_range=16 chroma_me=1 trellis=0 8x8dct=0 cqm=0 deadzone=21,11 fast_pskip=1 chroma_qp_offset=0 threads=18 lookahead_threads=5 sliced_threads=0 nr=0 decimate=1 interlaced=0 bluray_compat=0 constrained_intra=0 bframes=3 b_pyramid=2 b_adapt=1 b_bias=0 direct=1 weightb=1 open_gop=0 weightp=2 keyint=250 keyint_min=25 scenecut=40 intra_refresh=0 rc_lookahead=40 rc=abr mbtree=1 bitrate=21205 ratetol=1.0 qcomp=0.60 qpmin=0 qpmax=69 qpstep=4 ip_ratio=1.40 aq=1:1.00
in:0 out:0 type:I dur:2 cpbdur:2 q:9.53 aq:0.00 tex:360 mv:954 misc:110 imb:3600 pmb:0 smb:0 d:- ref:;
in:1 out:1 type:P dur:2 cpbdur:2 q:9.47 aq:4.90 tex:1008887 mv:21214 misc:371 imb:3600 pmb:0 smb:0 d:- ref:0 ;
in:2 out:2 type:P dur:2 cpbdur:2 q:9.63 aq:2.85 tex:505134 mv:17831 misc:299 imb:3510 pmb:90 smb:0 d:- ref:0 ;
in:3 out:3 type:i dur:2 cpbdur:2 q:7.59 aq:0.26 tex:158628 mv:23650 misc:162 imb:3600 pmb:0 smb:0 d:- ref:;
in:4 out:4 type:P dur:2 cpbdur:2 q:9.69 aq:0.00 tex:491 mv:79 misc:382 imb:1 pmb:13 smb:3586 d:- ref:0 ;
in:5 out:5 type:i dur:2 cpbdur:2 q:7.41 aq:0.83 tex:216572 mv:30836 misc:184 imb:3600 pmb:0 smb:0 d:- ref:;
in:7 out:6 type:P dur:2 cpbdur:2 q:9.60 aq:1.99 tex:383517 mv:17078 misc:1005 imb:2843 pmb:281 smb:476 d:- ref:0 ;
in:6 out:7 type:b dur:2 cpbdur:2 q:9.60 aq:5.23 tex:31945 mv:2449 misc:1782 imb:99 pmb:421 smb:3080 d:- ref:0 ;
in:8 out:8 type:i dur:2 cpbdur:2 q:7.20 aq:1.52 tex:714648 mv:70187 misc:237 imb:3600 pmb:0 smb:0 d:- ref:;
in:9 out:9 type:P dur:2 cpbdur:2 q:9.80 aq:2.04 tex:5489 mv:515 misc:908 imb:32 pmb:79 smb:3489 d:- ref:0 ;
in:10 out:10 type:i dur:2 cpbdur:2 q:7.16 aq:1.84 tex:859315 mv:74006 misc:255 imb:3600 pmb:0 smb:0 d:- ref:;
in:11 out:11 type:P dur:2 cpbdur:2 q:10.00 aq:5.25 tex:215871 mv:9768 misc:2913 imb:421 pmb:1267 smb:1912 d:- ref:0 ;
in:12 out:12 type:i dur:2 cpbdur:2 q:7.16 aq:2.59 tex:840728 mv:79357 misc:259 imb:3600 pmb:0 smb:0 d:- ref:;
in:14 out:13 type:P dur:2 cpbdur:2 q:10.31 aq:3.89 tex:681299 mv:26827 misc:1858 imb:1543 pmb:1411 smb:646 d:- ref:0 ;
in:13 out:14 type:b dur:2 cpbdur:2 q:10.31 aq:5.78 tex:123133 mv:7543 misc:3364 imb:27 pmb:1660 smb:1913 d:- ref:0 ;
in:15 out:15 type:P dur:2 cpbdur:2 q:10.36 aq:6.06 tex:169252 mv:7362 misc:2706 imb:378 pmb:879 smb:2343 d:- ref:0 ;
in:16 out:16 type:i dur:2 cpbdur:2 q:7.22 aq:2.54 tex:929322 mv:80663 misc:287 imb:3600 pmb:0 smb:0 d:- ref:;
in:17 out:17 type:P dur:2 cpbdur:2 q:10.63 aq:3.59 tex:897640 mv:27997 misc:1739 imb:1587 pmb:1455 smb:558 d:- ref:0 ;
in:21 out:18 type:P dur:2 cpbdur:2 q:6.63 aq:1.68 tex:1348384 mv:31807 misc:737 imb:1971 pmb:1526 smb:103 d:- ref:0 ;
in:19 out:19 type:B dur:2 cpbdur:2 q:8.63 aq:3.96 tex:473001 mv:19240 misc:2687 imb:427 pmb:2284 smb:889 d:- ref:0 ;
in:18 out:20 type:b dur:2 cpbdur:2 q:9.63 aq:5.50 tex:31164 mv:2688 misc:3156 imb:4 pmb:1176 smb:2420 d:- ref:0 ;
in:20 out:21 type:b dur:2 cpbdur:2 q:7.63 aq:3.63 tex:777511 mv:39262 misc:1571 imb:768 pmb:2442 smb:390 d:- ref:0 ;
in:22 out:22 type:P dur:2 cpbdur:2 q:5.60 aq:2.28 tex:279876 mv:7701 misc:3095 imb:513 pmb:1248 smb:1839 d:- ref:0 ;
in:24 out:23 type:P dur:2 cpbdur:2 q:4.72 aq:1.48 tex:1106668 mv:28671 misc:1213 imb:1747 pmb:1558 smb:295 d:- ref:0 ;
in:23 out:24 type:b dur:2 cpbdur:2 q:5.16 aq:2.51 tex:193735 mv:6881 misc:3312 imb:25 pmb:1791 smb:1784 d:- ref:0 ;
in:25 out:25 type:P dur:2 cpbdur:2 q:3.90 aq:0.99 tex:1127935 mv:27051 misc:1390 imb:1673 pmb:1568 smb:359 d:- ref:0 ;
in:26 out:26 type:P dur:2 cpbdur:2 q:4.38 aq:1.73 tex:159945 mv:4938 misc:2845 imb:321 pmb:841 smb:2438 d:- ref:0 ;
in:27 out:27 type:P dur:2 cpbdur:2 q:3.46 aq:0.80 tex:1143495 mv:23231 misc:362 imb:3391 pmb:209 smb:0 d:- ref:0 ;
in:28 out:28 type:I dur:2 cpbdur:2 q:4.92 aq:0.72 tex:952645 mv:90168 misc:291 imb:3600 pmb:0 smb:0 d:- ref:;
in:30 out:29 type:P dur:2 cpbdur:2 q:4.04 aq:1.08 tex:678197 mv:17976 misc:2515 imb:569 pmb:1645 smb:1386 d:- ref:0 ;
in:29 out:30 type:b dur:2 cpbdur:2 q:4.04 aq:1.47 tex:7038 mv:549 misc:1813 imb:0 pmb:373 smb:3227 d:- ref:0 ;
in:31 out:31 type:i dur:2 cpbdur:2 q:4.46 aq:0.96 tex:1075202 mv:103610 misc:268 imb:3600 pmb:0 smb:0 d:- ref:;
in:32 out:32 type:P dur:2 cpbdur:2 q:4.47 aq:1.09 tex:576680 mv:15450 misc:2278 imb:942 pmb:1330 smb:1328 d:- ref:0 ;
in:33 out:33 type:i dur:2 cpbdur:2 q:4.28 aq:0.34 tex:871213 mv:88192 misc:275 imb:3600 pmb:0 smb:0 d:- ref:;
in:35 out:34 type:P dur:2 cpbdur:2 q:4.54 aq:0.80 tex:568106 mv:19511 misc:2007 imb:1099 pmb:1259 smb:1242 d:- ref:0 ;
in:34 out:35 type:b dur:2 cpbdur:2 q:4.54 aq:1.51 tex:4824 mv:591 misc:1697 imb:0 pmb:369 smb:3231 d:- ref:0 ;
in:36 out:36 type:P dur:2 cpbdur:2 q:5.51 aq:0.55 tex:888951 mv:28947 misc:662 imb:2760 pmb:713 smb:127 d:- ref:0 ;
in:37 out:37 type:P dur:2 cpbdur:2 q:5.54 aq:1.65 tex:61370 mv:2863 misc:2279 imb:25 pmb:662 smb:2913 d:- ref:0 ;
in:38 out:38 type:i dur:2 cpbdur:2 q:3.82 aq:0.82 tex:1215335 mv:89584 misc:241 imb:3600 pmb:0 smb:0 d:- ref:;
in:39 out:39 type:P dur:2 cpbdur:2 q:5.51 aq:0.94 tex:3091 mv:268 misc:929 imb:9 pmb:97 smb:3494 d:- ref:0 ;
in:40 out:40 type:P dur:2 cpbdur:2 q:5.20 aq:2.59 tex:1550427 mv:27982 misc:367 imb:3130 pmb:469 smb:1 d:- ref:0 ;
in:41 out:41 type:i dur:2 cpbdur:2 q:3.67 aq:0.91 tex:1121440 mv:93253 misc:283 imb:3600 pmb:0 smb:0 d:- ref:;
in:42 out:42 type:P dur:2 cpbdur:2 q:5.55 aq:2.54 tex:112868 mv:4547 misc:3169 imb:17 pmb:1286 smb:2297 d:- ref:0 ;
in:43 out:43 type:i dur:2 cpbdur:2 q:3.61 aq:0.86 tex:1122919 mv:87920 misc:313 imb:3600 pmb:0 smb:0 d:- ref:;
in:44 out:44 type:P dur:2 cpbdur:2 q:5.60 aq:0.71 tex:2911 mv:329 misc:944 imb:16 pmb:95 smb:3489 d:- ref:0 ;
in:45 out:45 type:i dur:2 cpbdur:2 q:3.56 aq:1.81 tex:1614337 mv:114000 misc:327 imb:3600 pmb:0 smb:0 d:- ref:;
in:47 out:46 type:P dur:2 cpbdur:2 q:6.02 aq:3.23 tex:1654447 mv:37083 misc:654 imb:1850 pmb:1706 smb:44 d:- ref:0 ;
in:46 out:47 type:b dur:2 cpbdur:2 q:6.02 aq:3.71 tex:1220459 mv:45015 misc:1518 imb:520 pmb:2677 smb:403 d:- ref:0 ;
in:49 out:48 type:P dur:2 cpbdur:2 q:5.73 aq:2.71 tex:1619020 mv:35884 misc:672 imb:2241 pmb:1290 smb:69 d:- ref:0 ;
in:48 out:49 type:b dur:2 cpbdur:2 q:5.87 aq:4.28 tex:54142 mv:128 misc:3058 imb:0 pmb:922 smb:2678 d:- ref:0 ;
in:50 out:50 type:P dur:2 cpbdur:2 q:5.84 aq:2.64 tex:1338348 mv:35302 misc:902 imb:1757 pmb:1602 smb:241 d:- ref:0 ;
in:51 out:51 type:P dur:2 cpbdur:2 q:5.85 aq:4.30 tex:2311593 mv:31953 misc:390 imb:2833 pmb:765 smb:2 d:- ref:0 ;
in:52 out:52 type:P dur:2 cpbdur:2 q:5.99 aq:3.66 tex:2040394 mv:29984 misc:422 imb:2946 pmb:654 smb:0 d:- ref:0 ;
in:53 out:53 type:I dur:2 cpbdur:2 q:3.37 aq:0.78 tex:1818929 mv:128284 misc:331 imb:3600 pmb:0 smb:0 d:- ref:;
in:56 out:54 type:P dur:2 cpbdur:2 q:6.24 aq:3.53 tex:1615325 mv:33342 misc:509 imb:2469 pmb:1104 smb:27 d:- ref:0 ;
in:54 out:55 type:B dur:2 cpbdur:2 q:6.24 aq:1.11 tex:2459 mv:42 misc:787 imb:0 pmb:91 smb:3509 d:- ref:0 ;
in:55 out:56 type:b dur:2 cpbdur:2 q:6.24 aq:3.62 tex:1716176 mv:53739 misc:509 imb:2245 pmb:1343 smb:12 d:- ref:0 ;
in:57 out:57 type:P dur:2 cpbdur:2 q:5.86 aq:3.36 tex:1891134 mv:33531 misc:487 imb:2687 pmb:903 smb:10 d:- ref:0 ;
in:59 out:58 type:P dur:2 cpbdur:2 q:6.15 aq:3.69 tex:1837494 mv:33858 misc:392 imb:2648 pmb:951 smb:1 d:- ref:0 ;
in:58 out:59 type:b dur:2 cpbdur:2 q:6.00 aq:4.51 tex:97426 mv:191 misc:3543 imb:0 pmb:1411 smb:2189 d:- ref:0 ;
in:60 out:60 type:P dur:2 cpbdur:2 q:5.96 aq:3.34 tex:1781860 mv:31924 misc:424 imb:2880 pmb:716 smb:4 d:- ref:0 ;
in:61 out:61 type:P dur:2 cpbdur:2 q:5.98 aq:4.41 tex:2290625 mv:33731 misc:420 imb:2645 pmb:950 smb:5 d:- ref:0 ;
in:62 out:62 type:P dur:2 cpbdur:2 q:5.93 aq:3.33 tex:1866149 mv:29153 misc:418 imb:3001 pmb:598 smb:1 d:- ref:0 ;
in:64 out:63 type:P dur:2 cpbdur:2 q:5.97 aq:3.27 tex:1745995 mv:34336 misc:389 imb:2664 pmb:936 smb:0 d:- ref:0 ;
in:63 out:64 type:b dur:2 cpbdur:2 q:5.95 aq:4.21 tex:84652 mv:174 misc:3398 imb:0 pmb:1233 smb:2367 d:- ref:0 ;
in:65 out:65 type:P dur:2 cpbdur:2 q:6.56 aq:4.09 tex:1758727 mv:32375 misc:410 imb:2790 pmb:809 smb:1 d:- ref:0 ;
in:66 out:66 type:P dur:2 cpbdur:2 q:6.89 aq:4.24 tex:1675406 mv:35957 misc:389 imb:2413 pmb:1182 smb:5 d:- ref:0 ;
in:67 out:67 type:i dur:2 cpbdur:2 q:3.32 aq:0.41 tex:727595 mv:86737 misc:276 imb:3600 pmb:0 smb:0 d:- ref:;
in:69 out:68 type:P dur:2 cpbdur:2 q:7.04 aq:1.35 tex:568751 mv:26058 misc:2063 imb:1071 pmb:1678 smb:851 d:- ref:0 ;
in:68 out:69 type:b dur:2 cpbdur:2 q:7.04 aq:3.04 tex:21502 mv:138 misc:2224 imb:0 pmb:513 smb:3087 d:- ref:0 ;
in:70 out:70 type:P dur:2 cpbdur:2 q:7.71 aq:1.83 tex:337719 mv:18682 misc:2639 imb:682 pmb:1952 smb:966 d:- ref:0 ;
in:73 out:71 type:P dur:2 cpbdur:2 q:7.67 aq:0.63 tex:929526 mv:29725 misc:885 imb:1973 pmb:1419 smb:208 d:- ref:0 ;
in:71 out:72 type:B dur:2 cpbdur:2 q:7.69 aq:1.68 tex:589554 mv:32425 misc:2029 imb:722 pmb:2167 smb:711 d:- ref:0 ;
in:72 out:73 type:b dur:2 cpbdur:2 q:7.68 aq:2.69 tex:214556 mv:10360 misc:2932 imb:80 pmb:2107 smb:1413 d:- ref:0 ;
in:77 out:74 type:P dur:2 cpbdur:2 q:8.01 aq:1.24 tex:756220 mv:29468 misc:1392 imb:1167 pmb:2104 smb:329 d:- ref:0 ;
in:75 out:75 type:B dur:2 cpbdur:2 q:7.84 aq:2.42 tex:158832 mv:10816 misc:3088 imb:25 pmb:2422 smb:1153 d:- ref:0 ;
in:74 out:76 type:b dur:2 cpbdur:2 q:7.76 aq:1.83 tex:22030 mv:913 misc:2433 imb:0 pmb:679 smb:2921 d:- ref:0 ;
in:76 out:77 type:b dur:2 cpbdur:2 q:7.93 aq:3.14 tex:35020 mv:1801 misc:3123 imb:0 pmb:1030 smb:2570 d:- ref:0 ;
in:80 out:78 type:P dur:2 cpbdur:2 q:8.51 aq:1.73 tex:549195 mv:20410 misc:2339 imb:706 pmb:1822 smb:1072 d:- ref:0 ;
in:78 out:79 type:B dur:2 cpbdur:2 q:8.18 aq:2.88 tex:84519 mv:1791 misc:3322 imb:0 pmb:1309 smb:2291 d:- ref:0 ;
in:79 out:80 type:b dur:2 cpbdur:2 q:8.34 aq:3.63 tex:10783 mv:866 misc:2471 imb:0 pmb:606 smb:2994 d:- ref:0 ;
in:84 out:81 type:P dur:2 cpbdur:2 q:9.10 aq:1.15 tex:610531 mv:19798 misc:2343 imb:1125 pmb:1339 smb:1136 d:- ref:0 ;
in:82 out:82 type:B dur:2 cpbdur:2 q:8.80 aq:1.96 tex:365462 mv:20442 misc:2624 imb:222 pmb:1656 smb:1722 d:- ref:0 ;
in:81 out:83 type:b dur:2 cpbdur:2 q:8.66 aq:3.71 tex:14997 mv:662 misc:2453 imb:1 pmb:610 smb:2989 d:- ref:0 ;
in:83 out:84 type:b dur:2 cpbdur:2 q:8.95 aq:2.71 tex:10046 mv:1033 misc:2321 imb:0 pmb:596 smb:3004 d:- ref:0 ;
in:88 out:85 type:P dur:2 cpbdur:2 q:9.01 aq:1.61 tex:404965 mv:16584 misc:2283 imb:716 pmb:1179 smb:1705 d:- ref:0 ;
in:86 out:86 type:B dur:2 cpbdur:2 q:9.05 aq:1.76 tex:276704 mv:17939 misc:2429 imb:149 pmb:1532 smb:1919 d:- ref:0 ;
in:85 out:87 type:b dur:2 cpbdur:2 q:9.08 aq:2.69 tex:9818 mv:938 misc:2364 imb:0 pmb:618 smb:2982 d:- ref:0 ;
in:87 out:88 type:b dur:2 cpbdur:2 q:9.03 aq:3.72 tex:11751 mv:736 misc:2233 imb:1 pmb:558 smb:3041 d:- ref:0 ;
in:89 out:89 type:P dur:2 cpbdur:2 q:8.57 aq:3.24 tex:26671 mv:847 misc:2162 imb:24 pmb:459 smb:3117 d:- ref:0 ;
